<?xml version="1.0" encoding="utf-8"?>
<TestRun id="5e08e1de-fa56-4897-8e62-68345cd5d710" name="ttrehou@CLRPTP15P 2024-11-29 11:54:22" runUser="APSDIGIT\ttrehou" xmlns="http://microsoft.com/schemas/VisualStudio/TeamTest/2010">
  <Times creation="2024-11-29T11:54:22.4857828+01:00" queuing="2024-11-29T11:54:22.4857831+01:00" start="2024-11-29T11:54:21.9403561+01:00" finish="2024-11-29T11:54:22.5160986+01:00" />
  <TestSettings name="default" id="c857608d-462f-4a75-a2ce-0c973298376b">
    <Deployment runDeploymentRoot="ttrehou_CLRPTP15P_2024-11-29_11_54_22" />
  </TestSettings>
  <Results>
    <UnitTestResult executionId="ca29b5b9-234f-4913-bfbf-6f0c7c7aa9d3" testId="b340dc6f-9ffc-490c-e043-bf0f3c78db88" testName="NegativeOddTest(-1)" computerName="CLRPTP15P" duration="00:00:00.0000660" startTime="2024-11-29T11:54:22.4138351+01:00" endTime="2024-11-29T11:54:22.4139013+01:00" testType="13cdc9d9-ddb5-4fa4-a97d-d965ccfc6d4b" outcome="Passed" testListId="8c84fa94-04c1-424b-9868-57a2d4851a1d" relativeResultsDirectory="ca29b5b9-234f-4913-bfbf-6f0c7c7aa9d3" />
    <UnitTestResult executionId="879c8a49-9d93-4a71-aa19-d7bfc7b3b469" testId="21a33686-5f6a-6667-1f47-f4937c8e479b" testName="SumMultiplesBelow(10,23)" computerName="CLRPTP15P" duration="00:00:00.0014920" startTime="2024-11-29T11:54:22.4210769+01:00" endTime="2024-11-29T11:54:22.4225686+01:00" testType="13cdc9d9-ddb5-4fa4-a97d-d965ccfc6d4b" outcome="Passed" testListId="8c84fa94-04c1-424b-9868-57a2d4851a1d" relativeResultsDirectory="879c8a49-9d93-4a71-aa19-d7bfc7b3b469" />
    <UnitTestResult executionId="bcafaa98-8842-48c0-8680-ad4cbe47d717" testId="f77d222a-3348-27d1-c187-6e3f9f0b520c" testName="SumMultiplesBelow(15,45)" computerName="CLRPTP15P" duration="00:00:00.0000040" startTime="2024-11-29T11:54:22.4227888+01:00" endTime="2024-11-29T11:54:22.4227925+01:00" testType="13cdc9d9-ddb5-4fa4-a97d-d965ccfc6d4b" outcome="Passed" testListId="8c84fa94-04c1-424b-9868-57a2d4851a1d" relativeResultsDirectory="bcafaa98-8842-48c0-8680-ad4cbe47d717" />
    <UnitTestResult executionId="b7a6c93a-82b2-4d20-85b9-43df003c1a42" testId="52cf92fa-5962-b025-9ce0-9c62e763192b" testName="ReverseWordTest(&quot;Hello World&quot;,&quot;World Hello&quot;)" computerName="CLRPTP15P" duration="00:00:00.0001290" startTime="2024-11-29T11:54:22.4229183+01:00" endTime="2024-11-29T11:54:22.4230476+01:00" testType="13cdc9d9-ddb5-4fa4-a97d-d965ccfc6d4b" outcome="Passed" testListId="8c84fa94-04c1-424b-9868-57a2d4851a1d" relativeResultsDirectory="b7a6c93a-82b2-4d20-85b9-43df003c1a42" />
    <UnitTestResult executionId="b982bf2e-5626-4647-8187-5c5c9a33a138" testId="a08c30b3-b67c-808a-b83c-32648d07de90" testName="ComputeMinMaxTest(&quot;1 2 3&quot;,&quot;3 1&quot;)" computerName="CLRPTP15P" duration="00:00:00.0001840" startTime="2024-11-29T11:54:22.4205947+01:00" endTime="2024-11-29T11:54:22.4207788+01:00" testType="13cdc9d9-ddb5-4fa4-a97d-d965ccfc6d4b" outcome="Passed" testListId="8c84fa94-04c1-424b-9868-57a2d4851a1d" relativeResultsDirectory="b982bf2e-5626-4647-8187-5c5c9a33a138" />
    <UnitTestResult executionId="5564e535-eeb4-4c86-9005-202c78e9c1da" testId="b099626a-07ed-ca16-e547-15698d940428" testName="NegativeEvenTest(-2)" computerName="CLRPTP15P" duration="00:00:00.0041100" startTime="2024-11-29T11:54:22.4075876+01:00" endTime="2024-11-29T11:54:22.4116480+01:00" testType="13cdc9d9-ddb5-4fa4-a97d-d965ccfc6d4b" outcome="Passed" testListId="8c84fa94-04c1-424b-9868-57a2d4851a1d" relativeResultsDirectory="5564e535-eeb4-4c86-9005-202c78e9c1da" />
    <UnitTestResult executionId="a3464cba-0ffc-4fbf-8885-25c044057e55" testId="fc11d4de-b0d1-1c1d-68fe-caef1640c414" testName="SumMultiplesBelow(8,14)" computerName="CLRPTP15P" duration="00:00:00.0000040" startTime="2024-11-29T11:54:22.4228090+01:00" endTime="2024-11-29T11:54:22.4228125+01:00" testType="13cdc9d9-ddb5-4fa4-a97d-d965ccfc6d4b" outcome="Passed" testListId="8c84fa94-04c1-424b-9868-57a2d4851a1d" relativeResultsDirectory="a3464cba-0ffc-4fbf-8885-25c044057e55" />
    <UnitTestResult executionId="6c27db6c-6fee-437f-b223-d136f0a2db7f" testId="40b625bb-e8d4-1859-67f4-86f1b245359e" testName="ComputeMinMaxTest(&quot;-21 -20 -6 70 -7&quot;,&quot;70 -21&quot;)" computerName="CLRPTP15P" duration="00:00:00.0000120" startTime="2024-11-29T11:54:22.4209334+01:00" endTime="2024-11-29T11:54:22.4209450+01:00" testType="13cdc9d9-ddb5-4fa4-a97d-d965ccfc6d4b" outcome="Passed" testListId="8c84fa94-04c1-424b-9868-57a2d4851a1d" relativeResultsDirectory="6c27db6c-6fee-437f-b223-d136f0a2db7f" />
    <UnitTestResult executionId="8c20b04c-7d0c-47f2-958d-571c6ad6c6ee" testId="e1258a44-2af4-f288-2335-cf3ebc46dab6" testName="ReverseWordTest(&quot;I am an expert at this&quot;,&quot;this at expert an am I&quot;)" computerName="CLRPTP15P" duration="00:00:00.0000100" startTime="2024-11-29T11:54:22.4231668+01:00" endTime="2024-11-29T11:54:22.4231764+01:00" testType="13cdc9d9-ddb5-4fa4-a97d-d965ccfc6d4b" outcome="Passed" testListId="8c84fa94-04c1-424b-9868-57a2d4851a1d" relativeResultsDirectory="8c20b04c-7d0c-47f2-958d-571c6ad6c6ee" />
    <UnitTestResult executionId="28a29a19-2572-4c42-abf4-742c099ece34" testId="f2e2bda2-ce51-4c1d-271f-71538a57d84d" testName="SumMultiplesBelow(-15,0)" computerName="CLRPTP15P" duration="00:00:00.0000040" startTime="2024-11-29T11:54:22.4228029+01:00" endTime="2024-11-29T11:54:22.4228067+01:00" testType="13cdc9d9-ddb5-4fa4-a97d-d965ccfc6d4b" outcome="Passed" testListId="8c84fa94-04c1-424b-9868-57a2d4851a1d" relativeResultsDirectory="28a29a19-2572-4c42-abf4-742c099ece34" />
    <UnitTestResult executionId="46fad0be-b598-4bbe-8044-35dec029ccc7" testId="46e1b543-2c66-dabd-b76a-0374a9903dae" testName="ReverseWordTest(&quot;Yes we can!&quot;,&quot;can! we Yes&quot;)" computerName="CLRPTP15P" duration="00:00:00.0000040" startTime="2024-11-29T11:54:22.4231791+01:00" endTime="2024-11-29T11:54:22.4231826+01:00" testType="13cdc9d9-ddb5-4fa4-a97d-d965ccfc6d4b" outcome="Passed" testListId="8c84fa94-04c1-424b-9868-57a2d4851a1d" relativeResultsDirectory="46fad0be-b598-4bbe-8044-35dec029ccc7" />
    <UnitTestResult executionId="7ffa7ccb-aea2-42d8-b113-aece2bd2d101" testId="1779f1ed-c5ee-385b-6688-665358a93321" testName="PositiveOddTest(1)" computerName="CLRPTP15P" duration="00:00:00.0000450" startTime="2024-11-29T11:54:22.4142638+01:00" endTime="2024-11-29T11:54:22.4143083+01:00" testType="13cdc9d9-ddb5-4fa4-a97d-d965ccfc6d4b" outcome="Passed" testListId="8c84fa94-04c1-424b-9868-57a2d4851a1d" relativeResultsDirectory="7ffa7ccb-aea2-42d8-b113-aece2bd2d101" />
    <UnitTestResult executionId="3da18758-61b0-44d1-9913-8e00bff3b607" testId="6d5f6542-de52-3c25-65b1-c5d75cf46226" testName="TestCase(&quot;chandail&quot;,3)" computerName="CLRPTP15P" duration="00:00:00.0000070" startTime="2024-11-29T11:54:22.4235599+01:00" endTime="2024-11-29T11:54:22.4235674+01:00" testType="13cdc9d9-ddb5-4fa4-a97d-d965ccfc6d4b" outcome="Passed" testListId="8c84fa94-04c1-424b-9868-57a2d4851a1d" relativeResultsDirectory="3da18758-61b0-44d1-9913-8e00bff3b607" />
    <UnitTestResult executionId="efdc4314-1261-4182-8d85-258a1292cfb3" testId="6eee214f-7716-45cb-53a1-48b743f4ebf3" testName="TestCase(&quot;transatlantique&quot;,6)" computerName="CLRPTP15P" duration="00:00:00.0001440" startTime="2024-11-29T11:54:22.4232811+01:00" endTime="2024-11-29T11:54:22.4234252+01:00" testType="13cdc9d9-ddb5-4fa4-a97d-d965ccfc6d4b" outcome="Passed" testListId="8c84fa94-04c1-424b-9868-57a2d4851a1d" relativeResultsDirectory="efdc4314-1261-4182-8d85-258a1292cfb3" />
    <UnitTestResult executionId="76514c25-456a-4bcc-9ebb-de3cff3bf1bc" testId="b3c6c7de-fdcd-64e4-0cb7-40ec699e9e54" testName="PositiveEvenTest(2)" computerName="CLRPTP15P" duration="00:00:00.0000520" startTime="2024-11-29T11:54:22.4140810+01:00" endTime="2024-11-29T11:54:22.4141329+01:00" testType="13cdc9d9-ddb5-4fa4-a97d-d965ccfc6d4b" outcome="Passed" testListId="8c84fa94-04c1-424b-9868-57a2d4851a1d" relativeResultsDirectory="76514c25-456a-4bcc-9ebb-de3cff3bf1bc" />
    <UnitTestResult executionId="06c6d13b-fcb5-47d8-8eab-128bacff5767" testId="a23becaa-8844-8152-d67e-53559c04e557" testName="NegativeEvenTest(-42)" computerName="CLRPTP15P" duration="00:00:00.0001760" startTime="2024-11-29T11:54:22.4126320+01:00" endTime="2024-11-29T11:54:22.4128079+01:00" testType="13cdc9d9-ddb5-4fa4-a97d-d965ccfc6d4b" outcome="Passed" testListId="8c84fa94-04c1-424b-9868-57a2d4851a1d" relativeResultsDirectory="06c6d13b-fcb5-47d8-8eab-128bacff5767" />
    <UnitTestResult executionId="6e4ca2cd-fca6-4f15-96d1-9b37bd06ec03" testId="288450e0-cba2-d0b4-5940-ca946ab53c9d" testName="ComputeMinMaxTest(&quot;8 3 -5 42 -1 0 0 -9 4 7 4 -4&quot;,&quot;42 -9&quot;)" computerName="CLRPTP15P" duration="00:00:00.0055140" startTime="2024-11-29T11:54:22.4150654+01:00" endTime="2024-11-29T11:54:22.4205788+01:00" testType="13cdc9d9-ddb5-4fa4-a97d-d965ccfc6d4b" outcome="Passed" testListId="8c84fa94-04c1-424b-9868-57a2d4851a1d" relativeResultsDirectory="6e4ca2cd-fca6-4f15-96d1-9b37bd06ec03" />
    <UnitTestResult executionId="9d5fec9f-9af3-4b79-951c-56b2b637761a" testId="982be789-f5fb-4b21-9a5c-727698cea1ca" testName="TestCase(&quot;rayon&quot;,2)" computerName="CLRPTP15P" duration="00:00:00.0000040" startTime="2024-11-29T11:54:22.4235846+01:00" endTime="2024-11-29T11:54:22.4235882+01:00" testType="13cdc9d9-ddb5-4fa4-a97d-d965ccfc6d4b" outcome="Passed" testListId="8c84fa94-04c1-424b-9868-57a2d4851a1d" relativeResultsDirectory="9d5fec9f-9af3-4b79-951c-56b2b637761a" />
    <UnitTestResult executionId="01fdf1bc-8067-4e4c-8535-323207c13e8e" testId="80b7bd27-8bec-73e1-d3fa-0c77ec12425e" testName="ComputeMinMaxTest(&quot;-33 68 15 52 -49&quot;,&quot;68 -49&quot;)" computerName="CLRPTP15P" duration="00:00:00.0000080" startTime="2024-11-29T11:54:22.4209555+01:00" endTime="2024-11-29T11:54:22.4209633+01:00" testType="13cdc9d9-ddb5-4fa4-a97d-d965ccfc6d4b" outcome="Passed" testListId="8c84fa94-04c1-424b-9868-57a2d4851a1d" relativeResultsDirectory="01fdf1bc-8067-4e4c-8535-323207c13e8e" />
    <UnitTestResult executionId="7afb36d2-d3b9-4052-a4c1-8333179023bc" testId="a46ec870-a882-e175-b73d-4da54a764466" testName="SumMultiplesBelow(0,0)" computerName="CLRPTP15P" duration="00:00:00.0000040" startTime="2024-11-29T11:54:22.4227821+01:00" endTime="2024-11-29T11:54:22.4227863+01:00" testType="13cdc9d9-ddb5-4fa4-a97d-d965ccfc6d4b" outcome="Passed" testListId="8c84fa94-04c1-424b-9868-57a2d4851a1d" relativeResultsDirectory="7afb36d2-d3b9-4052-a4c1-8333179023bc" />
    <UnitTestResult executionId="814d4a76-f99e-4fff-8900-fda145354cb5" testId="e28f2492-0aad-6fad-7143-714e599eada8" testName="SumMultiplesBelow(20,78)" computerName="CLRPTP15P" duration="00:00:00.0001780" startTime="2024-11-29T11:54:22.4225787+01:00" endTime="2024-11-29T11:54:22.4227564+01:00" testType="13cdc9d9-ddb5-4fa4-a97d-d965ccfc6d4b" outcome="Passed" testListId="8c84fa94-04c1-424b-9868-57a2d4851a1d" relativeResultsDirectory="814d4a76-f99e-4fff-8900-fda145354cb5" />
    <UnitTestResult executionId="f24809f1-3019-409c-8d06-77a9a1c7b6e1" testId="d30c91b2-fc8f-3067-b4a5-03536a4c161c" testName="ReverseWordTest(&quot;There. Hi&quot;,&quot;Hi There.&quot;)" computerName="CLRPTP15P" duration="00:00:00.0001070" startTime="2024-11-29T11:54:22.4230539+01:00" endTime="2024-11-29T11:54:22.4231607+01:00" testType="13cdc9d9-ddb5-4fa4-a97d-d965ccfc6d4b" outcome="Passed" testListId="8c84fa94-04c1-424b-9868-57a2d4851a1d" relativeResultsDirectory="f24809f1-3019-409c-8d06-77a9a1c7b6e1" />
    <UnitTestResult executionId="4fec6b50-6e5d-4fce-88fb-c2dc097b5796" testId="3ca3c1e4-8ae2-0f9e-49fe-3f8d5e10dad4" testName="PositiveOddTest(7)" computerName="CLRPTP15P" duration="00:00:00.0000770" startTime="2024-11-29T11:54:22.4143130+01:00" endTime="2024-11-29T11:54:22.4143896+01:00" testType="13cdc9d9-ddb5-4fa4-a97d-d965ccfc6d4b" outcome="Passed" testListId="8c84fa94-04c1-424b-9868-57a2d4851a1d" relativeResultsDirectory="4fec6b50-6e5d-4fce-88fb-c2dc097b5796" />
    <UnitTestResult executionId="048f0861-cd2b-4fec-bb7d-0d7f7a4f65fc" testId="fc361f04-2e77-9345-dc9a-c0ae25f353b0" testName="ReverseWordTest(&quot;thrones of game A&quot;,&quot;A game of thrones&quot;)" computerName="CLRPTP15P" duration="00:00:00.0000030" startTime="2024-11-29T11:54:22.4231936+01:00" endTime="2024-11-29T11:54:22.4231969+01:00" testType="13cdc9d9-ddb5-4fa4-a97d-d965ccfc6d4b" outcome="Passed" testListId="8c84fa94-04c1-424b-9868-57a2d4851a1d" relativeResultsDirectory="048f0861-cd2b-4fec-bb7d-0d7f7a4f65fc" />
    <UnitTestResult executionId="c0b81165-a492-4842-a661-9037dd499d84" testId="627c1473-3190-fed7-4956-baa8983d7cff" testName="ZeroIsEvenTest" computerName="CLRPTP15P" duration="00:00:00.0000450" startTime="2024-11-29T11:54:22.4144008+01:00" endTime="2024-11-29T11:54:22.4144455+01:00" testType="13cdc9d9-ddb5-4fa4-a97d-d965ccfc6d4b" outcome="Passed" testListId="8c84fa94-04c1-424b-9868-57a2d4851a1d" relativeResultsDirectory="c0b81165-a492-4842-a661-9037dd499d84" />
    <UnitTestResult executionId="32039e6b-4514-4c46-bafc-b9b9d74e70a1" testId="47def0c6-3498-ef1e-0e9a-d4c16878107d" testName="ReverseWordTest(&quot;L'hymne de nos campagnes&quot;,&quot;campagnes nos de L'hymne&quot;)" computerName="CLRPTP15P" duration="00:00:00.0000030" startTime="2024-11-29T11:54:22.4231992+01:00" endTime="2024-11-29T11:54:22.4232023+01:00" testType="13cdc9d9-ddb5-4fa4-a97d-d965ccfc6d4b" outcome="Passed" testListId="8c84fa94-04c1-424b-9868-57a2d4851a1d" relativeResultsDirectory="32039e6b-4514-4c46-bafc-b9b9d74e70a1" />
    <UnitTestResult executionId="b7d931e0-cc45-46ea-806c-33b7cc9a757e" testId="2c2d8b84-3f86-eb0e-1d49-87b351117c76" testName="ComputeMinMaxTest(&quot;92 8 70 30 12&quot;,&quot;92 8&quot;)" computerName="CLRPTP15P" duration="00:00:00.0000050" startTime="2024-11-29T11:54:22.4209481+01:00" endTime="2024-11-29T11:54:22.4209531+01:00" testType="13cdc9d9-ddb5-4fa4-a97d-d965ccfc6d4b" outcome="Passed" testListId="8c84fa94-04c1-424b-9868-57a2d4851a1d" relativeResultsDirectory="b7d931e0-cc45-46ea-806c-33b7cc9a757e" />
    <UnitTestResult executionId="d162329c-ae3a-4e8d-ad46-054b33ce9c67" testId="2c0cf768-31a7-f8a6-dd7d-dc118fb6523e" testName="TestCase(&quot;skyr&quot;,0)" computerName="CLRPTP15P" duration="00:00:00.0000040" startTime="2024-11-29T11:54:22.4235699+01:00" endTime="2024-11-29T11:54:22.4235736+01:00" testType="13cdc9d9-ddb5-4fa4-a97d-d965ccfc6d4b" outcome="Passed" testListId="8c84fa94-04c1-424b-9868-57a2d4851a1d" relativeResultsDirectory="d162329c-ae3a-4e8d-ad46-054b33ce9c67" />
    <UnitTestResult executionId="e9abdad1-8d22-4750-a61e-ea55a2d0e88f" testId="70f596d3-083a-01db-aabf-4ab5a6a1f62b" testName="ReverseWordTest(&quot;survive to Drive&quot;,&quot;Drive to survive&quot;)" computerName="CLRPTP15P" duration="00:00:00.0000070" startTime="2024-11-29T11:54:22.4231849+01:00" endTime="2024-11-29T11:54:22.4231914+01:00" testType="13cdc9d9-ddb5-4fa4-a97d-d965ccfc6d4b" outcome="Passed" testListId="8c84fa94-04c1-424b-9868-57a2d4851a1d" relativeResultsDirectory="e9abdad1-8d22-4750-a61e-ea55a2d0e88f" />
    <UnitTestResult executionId="7bd87556-b21d-4aca-a46d-595544195797" testId="22b7b4d8-ec29-6183-842b-faa8aceeab54" testName="ComputeMinMaxTest(&quot;73 -28 -18 27 23 -36&quot;,&quot;73 -36&quot;)" computerName="CLRPTP15P" duration="00:00:00.0000050" startTime="2024-11-29T11:54:22.4209658+01:00" endTime="2024-11-29T11:54:22.4209706+01:00" testType="13cdc9d9-ddb5-4fa4-a97d-d965ccfc6d4b" outcome="Passed" testListId="8c84fa94-04c1-424b-9868-57a2d4851a1d" relativeResultsDirectory="7bd87556-b21d-4aca-a46d-595544195797" />
    <UnitTestResult executionId="5a748577-7f92-4263-b272-6647f1a9237d" testId="227cfdb0-700a-4835-7719-513f0523ef66" testName="TestCase(&quot;clignotement&quot;,4)" computerName="CLRPTP15P" duration="00:00:00.0001220" startTime="2024-11-29T11:54:22.4234313+01:00" endTime="2024-11-29T11:54:22.4235533+01:00" testType="13cdc9d9-ddb5-4fa4-a97d-d965ccfc6d4b" outcome="Passed" testListId="8c84fa94-04c1-424b-9868-57a2d4851a1d" relativeResultsDirectory="5a748577-7f92-4263-b272-6647f1a9237d" />
    <UnitTestResult executionId="321f5cf0-cdec-428e-a1d4-53501514bdd5" testId="b0462b24-a432-4aa8-673b-28fb9bcd2cd2" testName="PositiveEvenTest(42)" computerName="CLRPTP15P" duration="00:00:00.0001010" startTime="2024-11-29T11:54:22.4141383+01:00" endTime="2024-11-29T11:54:22.4142389+01:00" testType="13cdc9d9-ddb5-4fa4-a97d-d965ccfc6d4b" outcome="Passed" testListId="8c84fa94-04c1-424b-9868-57a2d4851a1d" relativeResultsDirectory="321f5cf0-cdec-428e-a1d4-53501514bdd5" />
    <UnitTestResult executionId="b2a63c63-cffd-4aef-8bc3-f05201099c57" testId="3d8dec6a-7eee-d6d7-1499-746332efeb14" testName="ComputeMinMaxTest(&quot;43 20 31 -45 93&quot;,&quot;93 -45&quot;)" computerName="CLRPTP15P" duration="00:00:00.0001299" startTime="2024-11-29T11:54:22.4207874+01:00" endTime="2024-11-29T11:54:22.4209176+01:00" testType="13cdc9d9-ddb5-4fa4-a97d-d965ccfc6d4b" outcome="Passed" testListId="8c84fa94-04c1-424b-9868-57a2d4851a1d" relativeResultsDirectory="b2a63c63-cffd-4aef-8bc3-f05201099c57" />
    <UnitTestResult executionId="ea4c5755-a1e2-40f1-8207-acc086380798" testId="946cac8a-2444-db1c-b2a8-30349d43a95d" testName="SumMultiplesBelow(200,9168)" computerName="CLRPTP15P" duration="00:00:00.0000150" startTime="2024-11-29T11:54:22.4227645+01:00" endTime="2024-11-29T11:54:22.4227792+01:00" testType="13cdc9d9-ddb5-4fa4-a97d-d965ccfc6d4b" outcome="Passed" testListId="8c84fa94-04c1-424b-9868-57a2d4851a1d" relativeResultsDirectory="ea4c5755-a1e2-40f1-8207-acc086380798" />
    <UnitTestResult executionId="2ad71d46-6171-486a-9feb-73af7ae34ab2" testId="395c816a-8bde-585a-c184-e326b6a9ab73" testName="TestCase(&quot;tourista&quot;,4)" computerName="CLRPTP15P" duration="00:00:00.0000060" startTime="2024-11-29T11:54:22.4235761+01:00" endTime="2024-11-29T11:54:22.4235823+01:00" testType="13cdc9d9-ddb5-4fa4-a97d-d965ccfc6d4b" outcome="Passed" testListId="8c84fa94-04c1-424b-9868-57a2d4851a1d" relativeResultsDirectory="2ad71d46-6171-486a-9feb-73af7ae34ab2" />
    <UnitTestResult executionId="c0e0357c-2d1c-4d2d-b425-18a1703d4cb7" testId="15e1d935-1f9d-54d1-c534-daaf22b6d97c" testName="SumMultiplesBelow(13,45)" computerName="CLRPTP15P" duration="00:00:00.0000040" startTime="2024-11-29T11:54:22.4228148+01:00" endTime="2024-11-29T11:54:22.4228185+01:00" testType="13cdc9d9-ddb5-4fa4-a97d-d965ccfc6d4b" outcome="Passed" testListId="8c84fa94-04c1-424b-9868-57a2d4851a1d" relativeResultsDirectory="c0e0357c-2d1c-4d2d-b425-18a1703d4cb7" />
    <UnitTestResult executionId="d64c65fd-3e74-41d7-81c9-c774ff86604b" testId="3b358dac-a42d-0b47-7a51-d3cc4c3a3b0d" testName="SumMultiplesBelow(2,0)" computerName="CLRPTP15P" duration="00:00:00.0000060" startTime="2024-11-29T11:54:22.4227948+01:00" endTime="2024-11-29T11:54:22.4228004+01:00" testType="13cdc9d9-ddb5-4fa4-a97d-d965ccfc6d4b" outcome="Passed" testListId="8c84fa94-04c1-424b-9868-57a2d4851a1d" relativeResultsDirectory="d64c65fd-3e74-41d7-81c9-c774ff86604b" />
    <UnitTestResult executionId="81c93efa-606f-4916-88c1-84361d680b6b" testId="63a19c50-ddb6-ead2-b1f1-403d96560d5d" testName="NegativeOddTest(-7)" computerName="CLRPTP15P" duration="00:00:00.0001350" startTime="2024-11-29T11:54:22.4139075+01:00" endTime="2024-11-29T11:54:22.4140420+01:00" testType="13cdc9d9-ddb5-4fa4-a97d-d965ccfc6d4b" outcome="Passed" testListId="8c84fa94-04c1-424b-9868-57a2d4851a1d" relativeResultsDirectory="81c93efa-606f-4916-88c1-84361d680b6b" />
  </Results>
  <TestDefinitions>
    <UnitTest name="NegativeOddTest(-1)" storage="c:\users\ttrehou\source\repos\dotnet-challenge-kata-session-01-thomas-trehou\katas.session.01\katas.session.01.test\bin\debug\net8.0\katas.session.01.test.dll" id="b340dc6f-9ffc-490c-e043-bf0f3c78db88">
      <Execution id="ca29b5b9-234f-4913-bfbf-6f0c7c7aa9d3" />
      <TestMethod codeBase="C:\Users\ttrehou\source\repos\dotnet-challenge-kata-session-01-Thomas-Trehou\katas.session.01\katas.session.01.test\bin\Debug\net8.0\Katas.Session.01.Test.dll" adapterTypeName="executor://nunit3testexecutor/" className="Katas.Session._01.Test.EvenOddKataTest" name="NegativeOddTest(-1)" />
    </UnitTest>
    <UnitTest name="PositiveOddTest(1)" storage="c:\users\ttrehou\source\repos\dotnet-challenge-kata-session-01-thomas-trehou\katas.session.01\katas.session.01.test\bin\debug\net8.0\katas.session.01.test.dll" id="1779f1ed-c5ee-385b-6688-665358a93321">
      <Execution id="7ffa7ccb-aea2-42d8-b113-aece2bd2d101" />
      <TestMethod codeBase="C:\Users\ttrehou\source\repos\dotnet-challenge-kata-session-01-Thomas-Trehou\katas.session.01\katas.session.01.test\bin\Debug\net8.0\Katas.Session.01.Test.dll" adapterTypeName="executor://nunit3testexecutor/" className="Katas.Session._01.Test.EvenOddKataTest" name="PositiveOddTest(1)" />
    </UnitTest>
    <UnitTest name="SumMultiplesBelow(2,0)" storage="c:\users\ttrehou\source\repos\dotnet-challenge-kata-session-01-thomas-trehou\katas.session.01\katas.session.01.test\bin\debug\net8.0\katas.session.01.test.dll" id="3b358dac-a42d-0b47-7a51-d3cc4c3a3b0d">
      <Execution id="d64c65fd-3e74-41d7-81c9-c774ff86604b" />
      <TestMethod codeBase="C:\Users\ttrehou\source\repos\dotnet-challenge-kata-session-01-Thomas-Trehou\katas.session.01\katas.session.01.test\bin\Debug\net8.0\Katas.Session.01.Test.dll" adapterTypeName="executor://nunit3testexecutor/" className="Katas.Session._01.Test.MultipleKataTest" name="SumMultiplesBelow(2,0)" />
    </UnitTest>
    <UnitTest name="ComputeMinMaxTest(&quot;1 2 3&quot;,&quot;3 1&quot;)" storage="c:\users\ttrehou\source\repos\dotnet-challenge-kata-session-01-thomas-trehou\katas.session.01\katas.session.01.test\bin\debug\net8.0\katas.session.01.test.dll" id="a08c30b3-b67c-808a-b83c-32648d07de90">
      <Execution id="b982bf2e-5626-4647-8187-5c5c9a33a138" />
      <TestMethod codeBase="C:\Users\ttrehou\source\repos\dotnet-challenge-kata-session-01-Thomas-Trehou\katas.session.01\katas.session.01.test\bin\Debug\net8.0\Katas.Session.01.Test.dll" adapterTypeName="executor://nunit3testexecutor/" className="Katas.Session._01.Test.MinMaxKataTest" name="ComputeMinMaxTest(&quot;1 2 3&quot;,&quot;3 1&quot;)" />
    </UnitTest>
    <UnitTest name="SumMultiplesBelow(10,23)" storage="c:\users\ttrehou\source\repos\dotnet-challenge-kata-session-01-thomas-trehou\katas.session.01\katas.session.01.test\bin\debug\net8.0\katas.session.01.test.dll" id="21a33686-5f6a-6667-1f47-f4937c8e479b">
      <Execution id="879c8a49-9d93-4a71-aa19-d7bfc7b3b469" />
      <TestMethod codeBase="C:\Users\ttrehou\source\repos\dotnet-challenge-kata-session-01-Thomas-Trehou\katas.session.01\katas.session.01.test\bin\Debug\net8.0\Katas.Session.01.Test.dll" adapterTypeName="executor://nunit3testexecutor/" className="Katas.Session._01.Test.MultipleKataTest" name="SumMultiplesBelow(10,23)" />
    </UnitTest>
    <UnitTest name="PositiveOddTest(7)" storage="c:\users\ttrehou\source\repos\dotnet-challenge-kata-session-01-thomas-trehou\katas.session.01\katas.session.01.test\bin\debug\net8.0\katas.session.01.test.dll" id="3ca3c1e4-8ae2-0f9e-49fe-3f8d5e10dad4">
      <Execution id="4fec6b50-6e5d-4fce-88fb-c2dc097b5796" />
      <TestMethod codeBase="C:\Users\ttrehou\source\repos\dotnet-challenge-kata-session-01-Thomas-Trehou\katas.session.01\katas.session.01.test\bin\Debug\net8.0\Katas.Session.01.Test.dll" adapterTypeName="executor://nunit3testexecutor/" className="Katas.Session._01.Test.EvenOddKataTest" name="PositiveOddTest(7)" />
    </UnitTest>
    <UnitTest name="ZeroIsEvenTest" storage="c:\users\ttrehou\source\repos\dotnet-challenge-kata-session-01-thomas-trehou\katas.session.01\katas.session.01.test\bin\debug\net8.0\katas.session.01.test.dll" id="627c1473-3190-fed7-4956-baa8983d7cff">
      <Execution id="c0b81165-a492-4842-a661-9037dd499d84" />
      <TestMethod codeBase="C:\Users\ttrehou\source\repos\dotnet-challenge-kata-session-01-Thomas-Trehou\katas.session.01\katas.session.01.test\bin\Debug\net8.0\Katas.Session.01.Test.dll" adapterTypeName="executor://nunit3testexecutor/" className="Katas.Session._01.Test.EvenOddKataTest" name="ZeroIsEvenTest" />
    </UnitTest>
    <UnitTest name="ReverseWordTest(&quot;Hello World&quot;,&quot;World Hello&quot;)" storage="c:\users\ttrehou\source\repos\dotnet-challenge-kata-session-01-thomas-trehou\katas.session.01\katas.session.01.test\bin\debug\net8.0\katas.session.01.test.dll" id="52cf92fa-5962-b025-9ce0-9c62e763192b">
      <Execution id="b7a6c93a-82b2-4d20-85b9-43df003c1a42" />
      <TestMethod codeBase="C:\Users\ttrehou\source\repos\dotnet-challenge-kata-session-01-Thomas-Trehou\katas.session.01\katas.session.01.test\bin\Debug\net8.0\Katas.Session.01.Test.dll" adapterTypeName="executor://nunit3testexecutor/" className="Katas.Session._01.Test.ReverseStringKataTest" name="ReverseWordTest(&quot;Hello World&quot;,&quot;World Hello&quot;)" />
    </UnitTest>
    <UnitTest name="SumMultiplesBelow(15,45)" storage="c:\users\ttrehou\source\repos\dotnet-challenge-kata-session-01-thomas-trehou\katas.session.01\katas.session.01.test\bin\debug\net8.0\katas.session.01.test.dll" id="f77d222a-3348-27d1-c187-6e3f9f0b520c">
      <Execution id="bcafaa98-8842-48c0-8680-ad4cbe47d717" />
      <TestMethod codeBase="C:\Users\ttrehou\source\repos\dotnet-challenge-kata-session-01-Thomas-Trehou\katas.session.01\katas.session.01.test\bin\Debug\net8.0\Katas.Session.01.Test.dll" adapterTypeName="executor://nunit3testexecutor/" className="Katas.Session._01.Test.MultipleKataTest" name="SumMultiplesBelow(15,45)" />
    </UnitTest>
    <UnitTest name="SumMultiplesBelow(8,14)" storage="c:\users\ttrehou\source\repos\dotnet-challenge-kata-session-01-thomas-trehou\katas.session.01\katas.session.01.test\bin\debug\net8.0\katas.session.01.test.dll" id="fc11d4de-b0d1-1c1d-68fe-caef1640c414">
      <Execution id="a3464cba-0ffc-4fbf-8885-25c044057e55" />
      <TestMethod codeBase="C:\Users\ttrehou\source\repos\dotnet-challenge-kata-session-01-Thomas-Trehou\katas.session.01\katas.session.01.test\bin\Debug\net8.0\Katas.Session.01.Test.dll" adapterTypeName="executor://nunit3testexecutor/" className="Katas.Session._01.Test.MultipleKataTest" name="SumMultiplesBelow(8,14)" />
    </UnitTest>
    <UnitTest name="ReverseWordTest(&quot;L'hymne de nos campagnes&quot;,&quot;campagnes nos de L'hymne&quot;)" storage="c:\users\ttrehou\source\repos\dotnet-challenge-kata-session-01-thomas-trehou\katas.session.01\katas.session.01.test\bin\debug\net8.0\katas.session.01.test.dll" id="47def0c6-3498-ef1e-0e9a-d4c16878107d">
      <Execution id="32039e6b-4514-4c46-bafc-b9b9d74e70a1" />
      <TestMethod codeBase="C:\Users\ttrehou\source\repos\dotnet-challenge-kata-session-01-Thomas-Trehou\katas.session.01\katas.session.01.test\bin\Debug\net8.0\Katas.Session.01.Test.dll" adapterTypeName="executor://nunit3testexecutor/" className="Katas.Session._01.Test.ReverseStringKataTest" name="ReverseWordTest(&quot;L'hymne de nos campagnes&quot;,&quot;campagnes nos de L'hymne&quot;)" />
    </UnitTest>
    <UnitTest name="ReverseWordTest(&quot;There. Hi&quot;,&quot;Hi There.&quot;)" storage="c:\users\ttrehou\source\repos\dotnet-challenge-kata-session-01-thomas-trehou\katas.session.01\katas.session.01.test\bin\debug\net8.0\katas.session.01.test.dll" id="d30c91b2-fc8f-3067-b4a5-03536a4c161c">
      <Execution id="f24809f1-3019-409c-8d06-77a9a1c7b6e1" />
      <TestMethod codeBase="C:\Users\ttrehou\source\repos\dotnet-challenge-kata-session-01-Thomas-Trehou\katas.session.01\katas.session.01.test\bin\Debug\net8.0\Katas.Session.01.Test.dll" adapterTypeName="executor://nunit3testexecutor/" className="Katas.Session._01.Test.ReverseStringKataTest" name="ReverseWordTest(&quot;There. Hi&quot;,&quot;Hi There.&quot;)" />
    </UnitTest>
    <UnitTest name="ReverseWordTest(&quot;thrones of game A&quot;,&quot;A game of thrones&quot;)" storage="c:\users\ttrehou\source\repos\dotnet-challenge-kata-session-01-thomas-trehou\katas.session.01\katas.session.01.test\bin\debug\net8.0\katas.session.01.test.dll" id="fc361f04-2e77-9345-dc9a-c0ae25f353b0">
      <Execution id="048f0861-cd2b-4fec-bb7d-0d7f7a4f65fc" />
      <TestMethod codeBase="C:\Users\ttrehou\source\repos\dotnet-challenge-kata-session-01-Thomas-Trehou\katas.session.01\katas.session.01.test\bin\Debug\net8.0\Katas.Session.01.Test.dll" adapterTypeName="executor://nunit3testexecutor/" className="Katas.Session._01.Test.ReverseStringKataTest" name="ReverseWordTest(&quot;thrones of game A&quot;,&quot;A game of thrones&quot;)" />
    </UnitTest>
    <UnitTest name="PositiveEvenTest(42)" storage="c:\users\ttrehou\source\repos\dotnet-challenge-kata-session-01-thomas-trehou\katas.session.01\katas.session.01.test\bin\debug\net8.0\katas.session.01.test.dll" id="b0462b24-a432-4aa8-673b-28fb9bcd2cd2">
      <Execution id="321f5cf0-cdec-428e-a1d4-53501514bdd5" />
      <TestMethod codeBase="C:\Users\ttrehou\source\repos\dotnet-challenge-kata-session-01-Thomas-Trehou\katas.session.01\katas.session.01.test\bin\Debug\net8.0\Katas.Session.01.Test.dll" adapterTypeName="executor://nunit3testexecutor/" className="Katas.Session._01.Test.EvenOddKataTest" name="PositiveEvenTest(42)" />
    </UnitTest>
    <UnitTest name="ComputeMinMaxTest(&quot;-21 -20 -6 70 -7&quot;,&quot;70 -21&quot;)" storage="c:\users\ttrehou\source\repos\dotnet-challenge-kata-session-01-thomas-trehou\katas.session.01\katas.session.01.test\bin\debug\net8.0\katas.session.01.test.dll" id="40b625bb-e8d4-1859-67f4-86f1b245359e">
      <Execution id="6c27db6c-6fee-437f-b223-d136f0a2db7f" />
      <TestMethod codeBase="C:\Users\ttrehou\source\repos\dotnet-challenge-kata-session-01-Thomas-Trehou\katas.session.01\katas.session.01.test\bin\Debug\net8.0\Katas.Session.01.Test.dll" adapterTypeName="executor://nunit3testexecutor/" className="Katas.Session._01.Test.MinMaxKataTest" name="ComputeMinMaxTest(&quot;-21 -20 -6 70 -7&quot;,&quot;70 -21&quot;)" />
    </UnitTest>
    <UnitTest name="SumMultiplesBelow(0,0)" storage="c:\users\ttrehou\source\repos\dotnet-challenge-kata-session-01-thomas-trehou\katas.session.01\katas.session.01.test\bin\debug\net8.0\katas.session.01.test.dll" id="a46ec870-a882-e175-b73d-4da54a764466">
      <Execution id="7afb36d2-d3b9-4052-a4c1-8333179023bc" />
      <TestMethod codeBase="C:\Users\ttrehou\source\repos\dotnet-challenge-kata-session-01-Thomas-Trehou\katas.session.01\katas.session.01.test\bin\Debug\net8.0\Katas.Session.01.Test.dll" adapterTypeName="executor://nunit3testexecutor/" className="Katas.Session._01.Test.MultipleKataTest" name="SumMultiplesBelow(0,0)" />
    </UnitTest>
    <UnitTest name="SumMultiplesBelow(20,78)" storage="c:\users\ttrehou\source\repos\dotnet-challenge-kata-session-01-thomas-trehou\katas.session.01\katas.session.01.test\bin\debug\net8.0\katas.session.01.test.dll" id="e28f2492-0aad-6fad-7143-714e599eada8">
      <Execution id="814d4a76-f99e-4fff-8900-fda145354cb5" />
      <TestMethod codeBase="C:\Users\ttrehou\source\repos\dotnet-challenge-kata-session-01-Thomas-Trehou\katas.session.01\katas.session.01.test\bin\Debug\net8.0\Katas.Session.01.Test.dll" adapterTypeName="executor://nunit3testexecutor/" className="Katas.Session._01.Test.MultipleKataTest" name="SumMultiplesBelow(20,78)" />
    </UnitTest>
    <UnitTest name="TestCase(&quot;skyr&quot;,0)" storage="c:\users\ttrehou\source\repos\dotnet-challenge-kata-session-01-thomas-trehou\katas.session.01\katas.session.01.test\bin\debug\net8.0\katas.session.01.test.dll" id="2c0cf768-31a7-f8a6-dd7d-dc118fb6523e">
      <Execution id="d162329c-ae3a-4e8d-ad46-054b33ce9c67" />
      <TestMethod codeBase="C:\Users\ttrehou\source\repos\dotnet-challenge-kata-session-01-Thomas-Trehou\katas.session.01\katas.session.01.test\bin\Debug\net8.0\Katas.Session.01.Test.dll" adapterTypeName="executor://nunit3testexecutor/" className="Katas.Session._01.Test.VowelsKataTest" name="TestCase(&quot;skyr&quot;,0)" />
    </UnitTest>
    <UnitTest name="SumMultiplesBelow(13,45)" storage="c:\users\ttrehou\source\repos\dotnet-challenge-kata-session-01-thomas-trehou\katas.session.01\katas.session.01.test\bin\debug\net8.0\katas.session.01.test.dll" id="15e1d935-1f9d-54d1-c534-daaf22b6d97c">
      <Execution id="c0e0357c-2d1c-4d2d-b425-18a1703d4cb7" />
      <TestMethod codeBase="C:\Users\ttrehou\source\repos\dotnet-challenge-kata-session-01-Thomas-Trehou\katas.session.01\katas.session.01.test\bin\Debug\net8.0\Katas.Session.01.Test.dll" adapterTypeName="executor://nunit3testexecutor/" className="Katas.Session._01.Test.MultipleKataTest" name="SumMultiplesBelow(13,45)" />
    </UnitTest>
    <UnitTest name="TestCase(&quot;rayon&quot;,2)" storage="c:\users\ttrehou\source\repos\dotnet-challenge-kata-session-01-thomas-trehou\katas.session.01\katas.session.01.test\bin\debug\net8.0\katas.session.01.test.dll" id="982be789-f5fb-4b21-9a5c-727698cea1ca">
      <Execution id="9d5fec9f-9af3-4b79-951c-56b2b637761a" />
      <TestMethod codeBase="C:\Users\ttrehou\source\repos\dotnet-challenge-kata-session-01-Thomas-Trehou\katas.session.01\katas.session.01.test\bin\Debug\net8.0\Katas.Session.01.Test.dll" adapterTypeName="executor://nunit3testexecutor/" className="Katas.Session._01.Test.VowelsKataTest" name="TestCase(&quot;rayon&quot;,2)" />
    </UnitTest>
    <UnitTest name="ComputeMinMaxTest(&quot;92 8 70 30 12&quot;,&quot;92 8&quot;)" storage="c:\users\ttrehou\source\repos\dotnet-challenge-kata-session-01-thomas-trehou\katas.session.01\katas.session.01.test\bin\debug\net8.0\katas.session.01.test.dll" id="2c2d8b84-3f86-eb0e-1d49-87b351117c76">
      <Execution id="b7d931e0-cc45-46ea-806c-33b7cc9a757e" />
      <TestMethod codeBase="C:\Users\ttrehou\source\repos\dotnet-challenge-kata-session-01-Thomas-Trehou\katas.session.01\katas.session.01.test\bin\Debug\net8.0\Katas.Session.01.Test.dll" adapterTypeName="executor://nunit3testexecutor/" className="Katas.Session._01.Test.MinMaxKataTest" name="ComputeMinMaxTest(&quot;92 8 70 30 12&quot;,&quot;92 8&quot;)" />
    </UnitTest>
    <UnitTest name="ComputeMinMaxTest(&quot;43 20 31 -45 93&quot;,&quot;93 -45&quot;)" storage="c:\users\ttrehou\source\repos\dotnet-challenge-kata-session-01-thomas-trehou\katas.session.01\katas.session.01.test\bin\debug\net8.0\katas.session.01.test.dll" id="3d8dec6a-7eee-d6d7-1499-746332efeb14">
      <Execution id="b2a63c63-cffd-4aef-8bc3-f05201099c57" />
      <TestMethod codeBase="C:\Users\ttrehou\source\repos\dotnet-challenge-kata-session-01-Thomas-Trehou\katas.session.01\katas.session.01.test\bin\Debug\net8.0\Katas.Session.01.Test.dll" adapterTypeName="executor://nunit3testexecutor/" className="Katas.Session._01.Test.MinMaxKataTest" name="ComputeMinMaxTest(&quot;43 20 31 -45 93&quot;,&quot;93 -45&quot;)" />
    </UnitTest>
    <UnitTest name="NegativeOddTest(-7)" storage="c:\users\ttrehou\source\repos\dotnet-challenge-kata-session-01-thomas-trehou\katas.session.01\katas.session.01.test\bin\debug\net8.0\katas.session.01.test.dll" id="63a19c50-ddb6-ead2-b1f1-403d96560d5d">
      <Execution id="81c93efa-606f-4916-88c1-84361d680b6b" />
      <TestMethod codeBase="C:\Users\ttrehou\source\repos\dotnet-challenge-kata-session-01-Thomas-Trehou\katas.session.01\katas.session.01.test\bin\Debug\net8.0\Katas.Session.01.Test.dll" adapterTypeName="executor://nunit3testexecutor/" className="Katas.Session._01.Test.EvenOddKataTest" name="NegativeOddTest(-7)" />
    </UnitTest>
    <UnitTest name="ReverseWordTest(&quot;I am an expert at this&quot;,&quot;this at expert an am I&quot;)" storage="c:\users\ttrehou\source\repos\dotnet-challenge-kata-session-01-thomas-trehou\katas.session.01\katas.session.01.test\bin\debug\net8.0\katas.session.01.test.dll" id="e1258a44-2af4-f288-2335-cf3ebc46dab6">
      <Execution id="8c20b04c-7d0c-47f2-958d-571c6ad6c6ee" />
      <TestMethod codeBase="C:\Users\ttrehou\source\repos\dotnet-challenge-kata-session-01-Thomas-Trehou\katas.session.01\katas.session.01.test\bin\Debug\net8.0\Katas.Session.01.Test.dll" adapterTypeName="executor://nunit3testexecutor/" className="Katas.Session._01.Test.ReverseStringKataTest" name="ReverseWordTest(&quot;I am an expert at this&quot;,&quot;this at expert an am I&quot;)" />
    </UnitTest>
    <UnitTest name="PositiveEvenTest(2)" storage="c:\users\ttrehou\source\repos\dotnet-challenge-kata-session-01-thomas-trehou\katas.session.01\katas.session.01.test\bin\debug\net8.0\katas.session.01.test.dll" id="b3c6c7de-fdcd-64e4-0cb7-40ec699e9e54">
      <Execution id="76514c25-456a-4bcc-9ebb-de3cff3bf1bc" />
      <TestMethod codeBase="C:\Users\ttrehou\source\repos\dotnet-challenge-kata-session-01-Thomas-Trehou\katas.session.01\katas.session.01.test\bin\Debug\net8.0\Katas.Session.01.Test.dll" adapterTypeName="executor://nunit3testexecutor/" className="Katas.Session._01.Test.EvenOddKataTest" name="PositiveEvenTest(2)" />
    </UnitTest>
    <UnitTest name="TestCase(&quot;transatlantique&quot;,6)" storage="c:\users\ttrehou\source\repos\dotnet-challenge-kata-session-01-thomas-trehou\katas.session.01\katas.session.01.test\bin\debug\net8.0\katas.session.01.test.dll" id="6eee214f-7716-45cb-53a1-48b743f4ebf3">
      <Execution id="efdc4314-1261-4182-8d85-258a1292cfb3" />
      <TestMethod codeBase="C:\Users\ttrehou\source\repos\dotnet-challenge-kata-session-01-Thomas-Trehou\katas.session.01\katas.session.01.test\bin\Debug\net8.0\Katas.Session.01.Test.dll" adapterTypeName="executor://nunit3testexecutor/" className="Katas.Session._01.Test.VowelsKataTest" name="TestCase(&quot;transatlantique&quot;,6)" />
    </UnitTest>
    <UnitTest name="NegativeEvenTest(-2)" storage="c:\users\ttrehou\source\repos\dotnet-challenge-kata-session-01-thomas-trehou\katas.session.01\katas.session.01.test\bin\debug\net8.0\katas.session.01.test.dll" id="b099626a-07ed-ca16-e547-15698d940428">
      <Execution id="5564e535-eeb4-4c86-9005-202c78e9c1da" />
      <TestMethod codeBase="C:\Users\ttrehou\source\repos\dotnet-challenge-kata-session-01-Thomas-Trehou\katas.session.01\katas.session.01.test\bin\Debug\net8.0\Katas.Session.01.Test.dll" adapterTypeName="executor://nunit3testexecutor/" className="Katas.Session._01.Test.EvenOddKataTest" name="NegativeEvenTest(-2)" />
    </UnitTest>
    <UnitTest name="ComputeMinMaxTest(&quot;8 3 -5 42 -1 0 0 -9 4 7 4 -4&quot;,&quot;42 -9&quot;)" storage="c:\users\ttrehou\source\repos\dotnet-challenge-kata-session-01-thomas-trehou\katas.session.01\katas.session.01.test\bin\debug\net8.0\katas.session.01.test.dll" id="288450e0-cba2-d0b4-5940-ca946ab53c9d">
      <Execution id="6e4ca2cd-fca6-4f15-96d1-9b37bd06ec03" />
      <TestMethod codeBase="C:\Users\ttrehou\source\repos\dotnet-challenge-kata-session-01-Thomas-Trehou\katas.session.01\katas.session.01.test\bin\Debug\net8.0\Katas.Session.01.Test.dll" adapterTypeName="executor://nunit3testexecutor/" className="Katas.Session._01.Test.MinMaxKataTest" name="ComputeMinMaxTest(&quot;8 3 -5 42 -1 0 0 -9 4 7 4 -4&quot;,&quot;42 -9&quot;)" />
    </UnitTest>
    <UnitTest name="TestCase(&quot;chandail&quot;,3)" storage="c:\users\ttrehou\source\repos\dotnet-challenge-kata-session-01-thomas-trehou\katas.session.01\katas.session.01.test\bin\debug\net8.0\katas.session.01.test.dll" id="6d5f6542-de52-3c25-65b1-c5d75cf46226">
      <Execution id="3da18758-61b0-44d1-9913-8e00bff3b607" />
      <TestMethod codeBase="C:\Users\ttrehou\source\repos\dotnet-challenge-kata-session-01-Thomas-Trehou\katas.session.01\katas.session.01.test\bin\Debug\net8.0\Katas.Session.01.Test.dll" adapterTypeName="executor://nunit3testexecutor/" className="Katas.Session._01.Test.VowelsKataTest" name="TestCase(&quot;chandail&quot;,3)" />
    </UnitTest>
    <UnitTest name="TestCase(&quot;clignotement&quot;,4)" storage="c:\users\ttrehou\source\repos\dotnet-challenge-kata-session-01-thomas-trehou\katas.session.01\katas.session.01.test\bin\debug\net8.0\katas.session.01.test.dll" id="227cfdb0-700a-4835-7719-513f0523ef66">
      <Execution id="5a748577-7f92-4263-b272-6647f1a9237d" />
      <TestMethod codeBase="C:\Users\ttrehou\source\repos\dotnet-challenge-kata-session-01-Thomas-Trehou\katas.session.01\katas.session.01.test\bin\Debug\net8.0\Katas.Session.01.Test.dll" adapterTypeName="executor://nunit3testexecutor/" className="Katas.Session._01.Test.VowelsKataTest" name="TestCase(&quot;clignotement&quot;,4)" />
    </UnitTest>
    <UnitTest name="ComputeMinMaxTest(&quot;-33 68 15 52 -49&quot;,&quot;68 -49&quot;)" storage="c:\users\ttrehou\source\repos\dotnet-challenge-kata-session-01-thomas-trehou\katas.session.01\katas.session.01.test\bin\debug\net8.0\katas.session.01.test.dll" id="80b7bd27-8bec-73e1-d3fa-0c77ec12425e">
      <Execution id="01fdf1bc-8067-4e4c-8535-323207c13e8e" />
      <TestMethod codeBase="C:\Users\ttrehou\source\repos\dotnet-challenge-kata-session-01-Thomas-Trehou\katas.session.01\katas.session.01.test\bin\Debug\net8.0\Katas.Session.01.Test.dll" adapterTypeName="executor://nunit3testexecutor/" className="Katas.Session._01.Test.MinMaxKataTest" name="ComputeMinMaxTest(&quot;-33 68 15 52 -49&quot;,&quot;68 -49&quot;)" />
    </UnitTest>
    <UnitTest name="TestCase(&quot;tourista&quot;,4)" storage="c:\users\ttrehou\source\repos\dotnet-challenge-kata-session-01-thomas-trehou\katas.session.01\katas.session.01.test\bin\debug\net8.0\katas.session.01.test.dll" id="395c816a-8bde-585a-c184-e326b6a9ab73">
      <Execution id="2ad71d46-6171-486a-9feb-73af7ae34ab2" />
      <TestMethod codeBase="C:\Users\ttrehou\source\repos\dotnet-challenge-kata-session-01-Thomas-Trehou\katas.session.01\katas.session.01.test\bin\Debug\net8.0\Katas.Session.01.Test.dll" adapterTypeName="executor://nunit3testexecutor/" className="Katas.Session._01.Test.VowelsKataTest" name="TestCase(&quot;tourista&quot;,4)" />
    </UnitTest>
    <UnitTest name="SumMultiplesBelow(200,9168)" storage="c:\users\ttrehou\source\repos\dotnet-challenge-kata-session-01-thomas-trehou\katas.session.01\katas.session.01.test\bin\debug\net8.0\katas.session.01.test.dll" id="946cac8a-2444-db1c-b2a8-30349d43a95d">
      <Execution id="ea4c5755-a1e2-40f1-8207-acc086380798" />
      <TestMethod codeBase="C:\Users\ttrehou\source\repos\dotnet-challenge-kata-session-01-Thomas-Trehou\katas.session.01\katas.session.01.test\bin\Debug\net8.0\Katas.Session.01.Test.dll" adapterTypeName="executor://nunit3testexecutor/" className="Katas.Session._01.Test.MultipleKataTest" name="SumMultiplesBelow(200,9168)" />
    </UnitTest>
    <UnitTest name="NegativeEvenTest(-42)" storage="c:\users\ttrehou\source\repos\dotnet-challenge-kata-session-01-thomas-trehou\katas.session.01\katas.session.01.test\bin\debug\net8.0\katas.session.01.test.dll" id="a23becaa-8844-8152-d67e-53559c04e557">
      <Execution id="06c6d13b-fcb5-47d8-8eab-128bacff5767" />
      <TestMethod codeBase="C:\Users\ttrehou\source\repos\dotnet-challenge-kata-session-01-Thomas-Trehou\katas.session.01\katas.session.01.test\bin\Debug\net8.0\Katas.Session.01.Test.dll" adapterTypeName="executor://nunit3testexecutor/" className="Katas.Session._01.Test.EvenOddKataTest" name="NegativeEvenTest(-42)" />
    </UnitTest>
    <UnitTest name="ReverseWordTest(&quot;Yes we can!&quot;,&quot;can! we Yes&quot;)" storage="c:\users\ttrehou\source\repos\dotnet-challenge-kata-session-01-thomas-trehou\katas.session.01\katas.session.01.test\bin\debug\net8.0\katas.session.01.test.dll" id="46e1b543-2c66-dabd-b76a-0374a9903dae">
      <Execution id="46fad0be-b598-4bbe-8044-35dec029ccc7" />
      <TestMethod codeBase="C:\Users\ttrehou\source\repos\dotnet-challenge-kata-session-01-Thomas-Trehou\katas.session.01\katas.session.01.test\bin\Debug\net8.0\Katas.Session.01.Test.dll" adapterTypeName="executor://nunit3testexecutor/" className="Katas.Session._01.Test.ReverseStringKataTest" name="ReverseWordTest(&quot;Yes we can!&quot;,&quot;can! we Yes&quot;)" />
    </UnitTest>
    <UnitTest name="SumMultiplesBelow(-15,0)" storage="c:\users\ttrehou\source\repos\dotnet-challenge-kata-session-01-thomas-trehou\katas.session.01\katas.session.01.test\bin\debug\net8.0\katas.session.01.test.dll" id="f2e2bda2-ce51-4c1d-271f-71538a57d84d">
      <Execution id="28a29a19-2572-4c42-abf4-742c099ece34" />
      <TestMethod codeBase="C:\Users\ttrehou\source\repos\dotnet-challenge-kata-session-01-Thomas-Trehou\katas.session.01\katas.session.01.test\bin\Debug\net8.0\Katas.Session.01.Test.dll" adapterTypeName="executor://nunit3testexecutor/" className="Katas.Session._01.Test.MultipleKataTest" name="SumMultiplesBelow(-15,0)" />
    </UnitTest>
    <UnitTest name="ComputeMinMaxTest(&quot;73 -28 -18 27 23 -36&quot;,&quot;73 -36&quot;)" storage="c:\users\ttrehou\source\repos\dotnet-challenge-kata-session-01-thomas-trehou\katas.session.01\katas.session.01.test\bin\debug\net8.0\katas.session.01.test.dll" id="22b7b4d8-ec29-6183-842b-faa8aceeab54">
      <Execution id="7bd87556-b21d-4aca-a46d-595544195797" />
      <TestMethod codeBase="C:\Users\ttrehou\source\repos\dotnet-challenge-kata-session-01-Thomas-Trehou\katas.session.01\katas.session.01.test\bin\Debug\net8.0\Katas.Session.01.Test.dll" adapterTypeName="executor://nunit3testexecutor/" className="Katas.Session._01.Test.MinMaxKataTest" name="ComputeMinMaxTest(&quot;73 -28 -18 27 23 -36&quot;,&quot;73 -36&quot;)" />
    </UnitTest>
    <UnitTest name="ReverseWordTest(&quot;survive to Drive&quot;,&quot;Drive to survive&quot;)" storage="c:\users\ttrehou\source\repos\dotnet-challenge-kata-session-01-thomas-trehou\katas.session.01\katas.session.01.test\bin\debug\net8.0\katas.session.01.test.dll" id="70f596d3-083a-01db-aabf-4ab5a6a1f62b">
      <Execution id="e9abdad1-8d22-4750-a61e-ea55a2d0e88f" />
      <TestMethod codeBase="C:\Users\ttrehou\source\repos\dotnet-challenge-kata-session-01-Thomas-Trehou\katas.session.01\katas.session.01.test\bin\Debug\net8.0\Katas.Session.01.Test.dll" adapterTypeName="executor://nunit3testexecutor/" className="Katas.Session._01.Test.ReverseStringKataTest" name="ReverseWordTest(&quot;survive to Drive&quot;,&quot;Drive to survive&quot;)" />
    </UnitTest>
  </TestDefinitions>
  <TestEntries>
    <TestEntry testId="b340dc6f-9ffc-490c-e043-bf0f3c78db88" executionId="ca29b5b9-234f-4913-bfbf-6f0c7c7aa9d3" testListId="8c84fa94-04c1-424b-9868-57a2d4851a1d" />
    <TestEntry testId="21a33686-5f6a-6667-1f47-f4937c8e479b" executionId="879c8a49-9d93-4a71-aa19-d7bfc7b3b469" testListId="8c84fa94-04c1-424b-9868-57a2d4851a1d" />
    <TestEntry testId="f77d222a-3348-27d1-c187-6e3f9f0b520c" executionId="bcafaa98-8842-48c0-8680-ad4cbe47d717" testListId="8c84fa94-04c1-424b-9868-57a2d4851a1d" />
    <TestEntry testId="52cf92fa-5962-b025-9ce0-9c62e763192b" executionId="b7a6c93a-82b2-4d20-85b9-43df003c1a42" testListId="8c84fa94-04c1-424b-9868-57a2d4851a1d" />
    <TestEntry testId="a08c30b3-b67c-808a-b83c-32648d07de90" executionId="b982bf2e-5626-4647-8187-5c5c9a33a138" testListId="8c84fa94-04c1-424b-9868-57a2d4851a1d" />
    <TestEntry testId="b099626a-07ed-ca16-e547-15698d940428" executionId="5564e535-eeb4-4c86-9005-202c78e9c1da" testListId="8c84fa94-04c1-424b-9868-57a2d4851a1d" />
    <TestEntry testId="fc11d4de-b0d1-1c1d-68fe-caef1640c414" executionId="a3464cba-0ffc-4fbf-8885-25c044057e55" testListId="8c84fa94-04c1-424b-9868-57a2d4851a1d" />
    <TestEntry testId="40b625bb-e8d4-1859-67f4-86f1b245359e" executionId="6c27db6c-6fee-437f-b223-d136f0a2db7f" testListId="8c84fa94-04c1-424b-9868-57a2d4851a1d" />
    <TestEntry testId="e1258a44-2af4-f288-2335-cf3ebc46dab6" executionId="8c20b04c-7d0c-47f2-958d-571c6ad6c6ee" testListId="8c84fa94-04c1-424b-9868-57a2d4851a1d" />
    <TestEntry testId="f2e2bda2-ce51-4c1d-271f-71538a57d84d" executionId="28a29a19-2572-4c42-abf4-742c099ece34" testListId="8c84fa94-04c1-424b-9868-57a2d4851a1d" />
    <TestEntry testId="46e1b543-2c66-dabd-b76a-0374a9903dae" executionId="46fad0be-b598-4bbe-8044-35dec029ccc7" testListId="8c84fa94-04c1-424b-9868-57a2d4851a1d" />
    <TestEntry testId="1779f1ed-c5ee-385b-6688-665358a93321" executionId="7ffa7ccb-aea2-42d8-b113-aece2bd2d101" testListId="8c84fa94-04c1-424b-9868-57a2d4851a1d" />
    <TestEntry testId="6d5f6542-de52-3c25-65b1-c5d75cf46226" executionId="3da18758-61b0-44d1-9913-8e00bff3b607" testListId="8c84fa94-04c1-424b-9868-57a2d4851a1d" />
    <TestEntry testId="6eee214f-7716-45cb-53a1-48b743f4ebf3" executionId="efdc4314-1261-4182-8d85-258a1292cfb3" testListId="8c84fa94-04c1-424b-9868-57a2d4851a1d" />
    <TestEntry testId="b3c6c7de-fdcd-64e4-0cb7-40ec699e9e54" executionId="76514c25-456a-4bcc-9ebb-de3cff3bf1bc" testListId="8c84fa94-04c1-424b-9868-57a2d4851a1d" />
    <TestEntry testId="a23becaa-8844-8152-d67e-53559c04e557" executionId="06c6d13b-fcb5-47d8-8eab-128bacff5767" testListId="8c84fa94-04c1-424b-9868-57a2d4851a1d" />
    <TestEntry testId="288450e0-cba2-d0b4-5940-ca946ab53c9d" executionId="6e4ca2cd-fca6-4f15-96d1-9b37bd06ec03" testListId="8c84fa94-04c1-424b-9868-57a2d4851a1d" />
    <TestEntry testId="982be789-f5fb-4b21-9a5c-727698cea1ca" executionId="9d5fec9f-9af3-4b79-951c-56b2b637761a" testListId="8c84fa94-04c1-424b-9868-57a2d4851a1d" />
    <TestEntry testId="80b7bd27-8bec-73e1-d3fa-0c77ec12425e" executionId="01fdf1bc-8067-4e4c-8535-323207c13e8e" testListId="8c84fa94-04c1-424b-9868-57a2d4851a1d" />
    <TestEntry testId="a46ec870-a882-e175-b73d-4da54a764466" executionId="7afb36d2-d3b9-4052-a4c1-8333179023bc" testListId="8c84fa94-04c1-424b-9868-57a2d4851a1d" />
    <TestEntry testId="e28f2492-0aad-6fad-7143-714e599eada8" executionId="814d4a76-f99e-4fff-8900-fda145354cb5" testListId="8c84fa94-04c1-424b-9868-57a2d4851a1d" />
    <TestEntry testId="d30c91b2-fc8f-3067-b4a5-03536a4c161c" executionId="f24809f1-3019-409c-8d06-77a9a1c7b6e1" testListId="8c84fa94-04c1-424b-9868-57a2d4851a1d" />
    <TestEntry testId="3ca3c1e4-8ae2-0f9e-49fe-3f8d5e10dad4" executionId="4fec6b50-6e5d-4fce-88fb-c2dc097b5796" testListId="8c84fa94-04c1-424b-9868-57a2d4851a1d" />
    <TestEntry testId="fc361f04-2e77-9345-dc9a-c0ae25f353b0" executionId="048f0861-cd2b-4fec-bb7d-0d7f7a4f65fc" testListId="8c84fa94-04c1-424b-9868-57a2d4851a1d" />
    <TestEntry testId="627c1473-3190-fed7-4956-baa8983d7cff" executionId="c0b81165-a492-4842-a661-9037dd499d84" testListId="8c84fa94-04c1-424b-9868-57a2d4851a1d" />
    <TestEntry testId="47def0c6-3498-ef1e-0e9a-d4c16878107d" executionId="32039e6b-4514-4c46-bafc-b9b9d74e70a1" testListId="8c84fa94-04c1-424b-9868-57a2d4851a1d" />
    <TestEntry testId="2c2d8b84-3f86-eb0e-1d49-87b351117c76" executionId="b7d931e0-cc45-46ea-806c-33b7cc9a757e" testListId="8c84fa94-04c1-424b-9868-57a2d4851a1d" />
    <TestEntry testId="2c0cf768-31a7-f8a6-dd7d-dc118fb6523e" executionId="d162329c-ae3a-4e8d-ad46-054b33ce9c67" testListId="8c84fa94-04c1-424b-9868-57a2d4851a1d" />
    <TestEntry testId="70f596d3-083a-01db-aabf-4ab5a6a1f62b" executionId="e9abdad1-8d22-4750-a61e-ea55a2d0e88f" testListId="8c84fa94-04c1-424b-9868-57a2d4851a1d" />
    <TestEntry testId="22b7b4d8-ec29-6183-842b-faa8aceeab54" executionId="7bd87556-b21d-4aca-a46d-595544195797" testListId="8c84fa94-04c1-424b-9868-57a2d4851a1d" />
    <TestEntry testId="227cfdb0-700a-4835-7719-513f0523ef66" executionId="5a748577-7f92-4263-b272-6647f1a9237d" testListId="8c84fa94-04c1-424b-9868-57a2d4851a1d" />
    <TestEntry testId="b0462b24-a432-4aa8-673b-28fb9bcd2cd2" executionId="321f5cf0-cdec-428e-a1d4-53501514bdd5" testListId="8c84fa94-04c1-424b-9868-57a2d4851a1d" />
    <TestEntry testId="3d8dec6a-7eee-d6d7-1499-746332efeb14" executionId="b2a63c63-cffd-4aef-8bc3-f05201099c57" testListId="8c84fa94-04c1-424b-9868-57a2d4851a1d" />
    <TestEntry testId="946cac8a-2444-db1c-b2a8-30349d43a95d" executionId="ea4c5755-a1e2-40f1-8207-acc086380798" testListId="8c84fa94-04c1-424b-9868-57a2d4851a1d" />
    <TestEntry testId="395c816a-8bde-585a-c184-e326b6a9ab73" executionId="2ad71d46-6171-486a-9feb-73af7ae34ab2" testListId="8c84fa94-04c1-424b-9868-57a2d4851a1d" />
    <TestEntry testId="15e1d935-1f9d-54d1-c534-daaf22b6d97c" executionId="c0e0357c-2d1c-4d2d-b425-18a1703d4cb7" testListId="8c84fa94-04c1-424b-9868-57a2d4851a1d" />
    <TestEntry testId="3b358dac-a42d-0b47-7a51-d3cc4c3a3b0d" executionId="d64c65fd-3e74-41d7-81c9-c774ff86604b" testListId="8c84fa94-04c1-424b-9868-57a2d4851a1d" />
    <TestEntry testId="63a19c50-ddb6-ead2-b1f1-403d96560d5d" executionId="81c93efa-606f-4916-88c1-84361d680b6b" testListId="8c84fa94-04c1-424b-9868-57a2d4851a1d" />
  </TestEntries>
  <TestLists>
    <TestList name="Les résultats ne figurent pas dans une liste" id="8c84fa94-04c1-424b-9868-57a2d4851a1d" />
    <TestList name="Tous les résultats chargés" id="19431567-8539-422a-85d7-44ee4e166bda" />
  </TestLists>
  <ResultSummary outcome="Completed">
    <Counters total="38" executed="38" passed="38" failed="0" error="0" timeout="0" aborted="0" inconclusive="0" passedButRunAborted="0" notRunnable="0" notExecuted="0" disconnected="0" warning="0" completed="0" inProgress="0" pending="0" />
    <Output>
      <StdOut>NUnit Adapter 4.5.0.0: Test execution started&#xD;
Running all tests in C:\Users\ttrehou\source\repos\dotnet-challenge-kata-session-01-Thomas-Trehou\katas.session.01\katas.session.01.test\bin\Debug\net8.0\Katas.Session.01.Test.dll&#xD;
   NUnit3TestExecutor discovered 38 of 38 NUnit test cases using Current Discovery mode, Non-Explicit run&#xD;
NUnit Adapter 4.5.0.0: Test execution complete&#xD;
</StdOut>
    </Output>
  </ResultSummary>
</TestRun>